2025-02-10 18:42:17,381 [INFO] Ответ сервера на попытку проверить привязку номера телефона к ЛС: {'Phone': '998949501754', 'List': [{'ls_number': '07000038886', 'ls_address': 'Куйлюк-5, 21, кв. 103', 'ls_quantity_GVS': 2, 'Counters': [{'device_number': '33333333', 'last_param': 158, 'last_data': '31.05.2024'}, {'device_number': '22222222', 'last_param': 50, 'last_data': '30.09.2024'}]}]}
2025-02-10 18:44:18,726 [INFO] Ответ сервера на попытку проверить привязку номера телефона к ЛС: {'ERROR': 'Передан некорректный номер телефона'}
2025-02-10 18:46:20,642 [INFO] Ответ сервера на попытку проверить привязку номера телефона к ЛС: {'ERROR': 'Передан некорректный номер телефона'}
2025-02-10 18:46:39,378 [INFO] Ответ сервера на попытку проверить привязку номера телефона к ЛС: {'Phone': '998949501754', 'List': [{'ls_number': '07000038886', 'ls_address': 'Куйлюк-5, 21, кв. 103', 'ls_quantity_GVS': 2, 'Counters': [{'device_number': '33333333', 'last_param': 158, 'last_data': '31.05.2024'}, {'device_number': '22222222', 'last_param': 50, 'last_data': '30.09.2024'}]}]}
2025-02-10 18:46:55,570 [INFO] Ответ сервера на попытку проверить привязку номера телефона к ЛС: {'Phone': '998949501754', 'List': [{'ls_number': '07000038886', 'ls_address': 'Куйлюк-5, 21, кв. 103', 'ls_quantity_GVS': 2, 'Counters': [{'device_number': '33333333', 'last_param': 158, 'last_data': '31.05.2024'}, {'device_number': '22222222', 'last_param': 50, 'last_data': '30.09.2024'}]}]}
2025-02-10 18:47:01,525 [INFO] Ответ сервера на попытку проверить привязку номера телефона к ЛС: {'ERROR': 'Передан некорректный номер телефона'}
2025-02-10 18:47:48,826 [INFO] Ответ сервера на попытку проверить привязку номера телефона к ЛС: {'ERROR': 'Передан некорректный номер телефона'}
2025-02-10 18:47:52,542 [INFO] Ответ сервера на попытку проверить привязку номера телефона к ЛС: {'Phone': '998949501754', 'List': [{'ls_number': '07000038886', 'ls_address': 'Куйлюк-5, 21, кв. 103', 'ls_quantity_GVS': 2, 'Counters': [{'device_number': '33333333', 'last_param': 158, 'last_data': '31.05.2024'}, {'device_number': '22222222', 'last_param': 50, 'last_data': '30.09.2024'}]}]}
2025-02-10 18:47:59,524 [INFO] Ответ сервера на попытку проверить привязку номера телефона к ЛС: {'ERROR': 'Передан некорректный номер телефона'}
2025-02-10 18:51:39,453 [INFO] Ответ сервера на попытку проверить привязку номера телефона к ЛС: {'ERROR': 'Передан некорректный номер телефона'}
2025-02-10 18:51:39,453 [ERROR] Некорректный номер телефона: 79601863596
2025-02-10 18:52:01,244 [INFO] Ответ сервера на попытку проверить привязку номера телефона к ЛС: {'Phone': '998949501754', 'List': [{'ls_number': '07000038886', 'ls_address': 'Куйлюк-5, 21, кв. 103', 'ls_quantity_GVS': 2, 'Counters': [{'device_number': '33333333', 'last_param': 158, 'last_data': '31.05.2024'}, {'device_number': '22222222', 'last_param': 50, 'last_data': '30.09.2024'}]}]}
2025-02-10 18:52:12,306 [INFO] Ответ сервера на попытку проверить привязку номера телефона к ЛС: {'ERROR': 'Передан некорректный номер телефона'}
2025-02-10 18:52:12,306 [ERROR] Некорректный номер телефона: 79601863596
2025-02-10 18:52:54,256 [INFO] Ответ сервера на попытку проверить привязку номера телефона к ЛС: {'ERROR': 'Передан некорректный номер телефона'}
2025-02-10 18:52:54,256 [ERROR] Некорректный номер телефона: 79601863596
2025-02-10 20:17:48,454 [INFO] Ответ сервера на попытку проверить привязку номера телефона к ЛС: {'ERROR': 'Передан некорректный номер телефона'}
2025-02-10 20:17:48,454 [ERROR] Некорректный номер телефона: 79601863596
2025-02-10 20:17:54,339 [INFO] Ответ сервера на попытку проверить привязку номера телефона к ЛС: {'ERROR': 'Передан некорректный номер телефона'}
2025-02-10 20:17:54,339 [ERROR] Некорректный номер телефона: 79601863596
2025-02-10 20:28:29,324 [INFO] Ответ сервера на попытку проверить привязку номера телефона к ЛС: {'ERROR': 'Передан некорректный номер телефона'}
2025-02-10 20:28:29,324 [ERROR] Некорректный номер телефона: 79601863596
2025-02-11 11:20:58,601 [INFO] Ответ сервера на попытку проверить привязку номера телефона к ЛС: {'ERROR': 'Передан некорректный номер телефона'}
2025-02-11 11:20:58,662 [ERROR] Некорректный номер телефона: 79601863596
2025-03-24 15:31:32,248 [ERROR] Threaded polling exception: A request to the Telegram API was unsuccessful. Error code: 400. Description: Bad Request: can't parse entities: Unsupported start tag "ul" at byte offset 261
2025-03-24 15:31:32,269 [ERROR] Exception traceback:
Traceback (most recent call last):
  File "E:\Python\env_bot\Lib\site-packages\telebot\__init__.py", line 1074, in __threaded_polling
    self.worker_pool.raise_exceptions()
  File "E:\Python\env_bot\Lib\site-packages\telebot\util.py", line 147, in raise_exceptions
    raise self.exception_info
  File "E:\Python\env_bot\Lib\site-packages\telebot\util.py", line 90, in run
    task(*args, **kwargs)
  File "E:\Python\env_bot\Lib\site-packages\telebot\__init__.py", line 6788, in _run_middlewares_and_handler
    result = handler['function'](message)
             ^^^^^^^^^^^^^^^^^^^^^^^^^^^^
  File "E:\Python\uz_meter_bot\uz_meter_bot.py", line 75, in start
    bot.send_message(chat_id, text, parse_mode="HTML", reply_markup=markup)
  File "E:\Python\env_bot\Lib\site-packages\telebot\__init__.py", line 1549, in send_message
    apihelper.send_message(
  File "E:\Python\env_bot\Lib\site-packages\telebot\apihelper.py", line 264, in send_message
    return _make_request(token, method_url, params=payload, method='post')
           ^^^^^^^^^^^^^^^^^^^^^^^^^^^^^^^^^^^^^^^^^^^^^^^^^^^^^^^^^^^^^^^
  File "E:\Python\env_bot\Lib\site-packages\telebot\apihelper.py", line 162, in _make_request
    json_result = _check_result(method_name, result)
                  ^^^^^^^^^^^^^^^^^^^^^^^^^^^^^^^^^^
  File "E:\Python\env_bot\Lib\site-packages\telebot\apihelper.py", line 189, in _check_result
    raise ApiTelegramException(method_name, result, result_json)
telebot.apihelper.ApiTelegramException: A request to the Telegram API was unsuccessful. Error code: 400. Description: Bad Request: can't parse entities: Unsupported start tag "ul" at byte offset 261

2025-03-24 15:31:32,719 [ERROR] Threaded polling exception: A request to the Telegram API was unsuccessful. Error code: 400. Description: Bad Request: can't parse entities: Unsupported start tag "ul" at byte offset 261
2025-03-24 15:31:32,721 [ERROR] Exception traceback:
Traceback (most recent call last):
  File "E:\Python\env_bot\Lib\site-packages\telebot\__init__.py", line 1074, in __threaded_polling
    self.worker_pool.raise_exceptions()
  File "E:\Python\env_bot\Lib\site-packages\telebot\util.py", line 147, in raise_exceptions
    raise self.exception_info
  File "E:\Python\env_bot\Lib\site-packages\telebot\util.py", line 90, in run
    task(*args, **kwargs)
  File "E:\Python\env_bot\Lib\site-packages\telebot\__init__.py", line 6788, in _run_middlewares_and_handler
    result = handler['function'](message)
             ^^^^^^^^^^^^^^^^^^^^^^^^^^^^
  File "E:\Python\uz_meter_bot\uz_meter_bot.py", line 75, in start
    bot.send_message(chat_id, text, parse_mode="HTML", reply_markup=markup)
  File "E:\Python\env_bot\Lib\site-packages\telebot\__init__.py", line 1549, in send_message
    apihelper.send_message(
  File "E:\Python\env_bot\Lib\site-packages\telebot\apihelper.py", line 264, in send_message
    return _make_request(token, method_url, params=payload, method='post')
           ^^^^^^^^^^^^^^^^^^^^^^^^^^^^^^^^^^^^^^^^^^^^^^^^^^^^^^^^^^^^^^^
  File "E:\Python\env_bot\Lib\site-packages\telebot\apihelper.py", line 162, in _make_request
    json_result = _check_result(method_name, result)
                  ^^^^^^^^^^^^^^^^^^^^^^^^^^^^^^^^^^
  File "E:\Python\env_bot\Lib\site-packages\telebot\apihelper.py", line 189, in _check_result
    raise ApiTelegramException(method_name, result, result_json)
telebot.apihelper.ApiTelegramException: A request to the Telegram API was unsuccessful. Error code: 400. Description: Bad Request: can't parse entities: Unsupported start tag "ul" at byte offset 261

2025-03-24 15:32:46,510 [ERROR] Threaded polling exception: A request to the Telegram API was unsuccessful. Error code: 400. Description: Bad Request: can't parse entities: Unsupported start tag "ul" at byte offset 259
2025-03-24 15:32:46,512 [ERROR] Exception traceback:
Traceback (most recent call last):
  File "E:\Python\env_bot\Lib\site-packages\telebot\__init__.py", line 1074, in __threaded_polling
    self.worker_pool.raise_exceptions()
  File "E:\Python\env_bot\Lib\site-packages\telebot\util.py", line 147, in raise_exceptions
    raise self.exception_info
  File "E:\Python\env_bot\Lib\site-packages\telebot\util.py", line 90, in run
    task(*args, **kwargs)
  File "E:\Python\env_bot\Lib\site-packages\telebot\__init__.py", line 6788, in _run_middlewares_and_handler
    result = handler['function'](message)
             ^^^^^^^^^^^^^^^^^^^^^^^^^^^^
  File "E:\Python\uz_meter_bot\uz_meter_bot.py", line 75, in start
    bot.send_message(chat_id, text, parse_mode="HTML", reply_markup=markup)
  File "E:\Python\env_bot\Lib\site-packages\telebot\__init__.py", line 1549, in send_message
    apihelper.send_message(
  File "E:\Python\env_bot\Lib\site-packages\telebot\apihelper.py", line 264, in send_message
    return _make_request(token, method_url, params=payload, method='post')
           ^^^^^^^^^^^^^^^^^^^^^^^^^^^^^^^^^^^^^^^^^^^^^^^^^^^^^^^^^^^^^^^
  File "E:\Python\env_bot\Lib\site-packages\telebot\apihelper.py", line 162, in _make_request
    json_result = _check_result(method_name, result)
                  ^^^^^^^^^^^^^^^^^^^^^^^^^^^^^^^^^^
  File "E:\Python\env_bot\Lib\site-packages\telebot\apihelper.py", line 189, in _check_result
    raise ApiTelegramException(method_name, result, result_json)
telebot.apihelper.ApiTelegramException: A request to the Telegram API was unsuccessful. Error code: 400. Description: Bad Request: can't parse entities: Unsupported start tag "ul" at byte offset 259

2025-03-24 15:33:18,034 [ERROR] Threaded polling exception: A request to the Telegram API was unsuccessful. Error code: 400. Description: Bad Request: can't parse entities: Unsupported start tag "li" at byte offset 259
2025-03-24 15:33:18,036 [ERROR] Exception traceback:
Traceback (most recent call last):
  File "E:\Python\env_bot\Lib\site-packages\telebot\__init__.py", line 1074, in __threaded_polling
    self.worker_pool.raise_exceptions()
  File "E:\Python\env_bot\Lib\site-packages\telebot\util.py", line 147, in raise_exceptions
    raise self.exception_info
  File "E:\Python\env_bot\Lib\site-packages\telebot\util.py", line 90, in run
    task(*args, **kwargs)
  File "E:\Python\env_bot\Lib\site-packages\telebot\__init__.py", line 6788, in _run_middlewares_and_handler
    result = handler['function'](message)
             ^^^^^^^^^^^^^^^^^^^^^^^^^^^^
  File "E:\Python\uz_meter_bot\uz_meter_bot.py", line 75, in start
    bot.send_message(chat_id, text, parse_mode="HTML", reply_markup=markup)
  File "E:\Python\env_bot\Lib\site-packages\telebot\__init__.py", line 1549, in send_message
    apihelper.send_message(
  File "E:\Python\env_bot\Lib\site-packages\telebot\apihelper.py", line 264, in send_message
    return _make_request(token, method_url, params=payload, method='post')
           ^^^^^^^^^^^^^^^^^^^^^^^^^^^^^^^^^^^^^^^^^^^^^^^^^^^^^^^^^^^^^^^
  File "E:\Python\env_bot\Lib\site-packages\telebot\apihelper.py", line 162, in _make_request
    json_result = _check_result(method_name, result)
                  ^^^^^^^^^^^^^^^^^^^^^^^^^^^^^^^^^^
  File "E:\Python\env_bot\Lib\site-packages\telebot\apihelper.py", line 189, in _check_result
    raise ApiTelegramException(method_name, result, result_json)
telebot.apihelper.ApiTelegramException: A request to the Telegram API was unsuccessful. Error code: 400. Description: Bad Request: can't parse entities: Unsupported start tag "li" at byte offset 259

2025-03-24 15:38:18,865 [INFO] Ответ сервера на попытку проверить привязку номера телефона к ЛС: {'Phone': '998339631234', 'List': [{'ls_number': '07000220070', 'ls_address': 'Куйлюк-5, 21, кв. 25', 'ls_quantity_GVS': 0, 'Counters': [{'device_number': '', 'last_param': 338, 'last_data': '31.10.2024'}]}]}
2025-03-24 15:43:10,000 [INFO] Ответ сервера на попытку проверить привязку номера телефона к ЛС: {'ERROR': 'Указанный номер телефона не привязан ни к одному лицевому счёту'}
2025-03-24 15:47:45,031 [INFO] Ответ сервера на попытку проверить привязку номера телефона к ЛС: {'ERROR': 'Указанный номер телефона не привязан ни к одному лицевому счёту'}
2025-03-24 15:48:21,749 [INFO] Ответ сервера на попытку проверить привязку номера телефона к ЛС: {'Phone': '998339631234', 'List': [{'ls_number': '07000220070', 'ls_address': 'Куйлюк-5, 21, кв. 25', 'ls_quantity_GVS': 0, 'Counters': [{'device_number': '', 'last_param': 338, 'last_data': '31.10.2024'}]}]}
2025-03-24 15:55:00,149 [INFO] Ответ сервера на попытку проверить привязку номера телефона к ЛС: {'ERROR': 'Указанный номер телефона не привязан ни к одному лицевому счёту'}
2025-03-24 15:55:41,355 [INFO] Ответ сервера на попытку проверить привязку номера телефона к ЛС: {'Phone': '998949501754', 'List': [{'ls_number': '07000038886', 'ls_address': 'Куйлюк-5, 21, кв. 103', 'ls_quantity_GVS': 0, 'Counters': [{'device_number': '', 'last_param': 213, 'last_data': '30.11.2024'}]}]}
2025-03-24 15:57:20,739 [INFO] Ответ сервера на попытку проверить привязку номера телефона к ЛС: {'Phone': '998949501754', 'List': [{'ls_number': '07000038886', 'ls_address': 'Куйлюк-5, 21, кв. 103', 'ls_quantity_GVS': 0, 'Counters': [{'device_number': '', 'last_param': 213, 'last_data': '30.11.2024'}]}]}
2025-03-24 16:02:39,006 [INFO] Ответ сервера на попытку проверить привязку номера телефона к ЛС: {'Phone': '998949501754', 'List': [{'ls_number': '07000038886', 'ls_address': 'Куйлюк-5, 21, кв. 103', 'ls_quantity_GVS': 0, 'Counters': [{'device_number': '', 'last_param': 213, 'last_data': '30.11.2024'}]}]}
2025-03-24 16:03:16,800 [INFO] Ответ сервера на попытку проверить привязку номера телефона к ЛС: {'Phone': '998949501754', 'List': [{'ls_number': '07000038886', 'ls_address': 'Куйлюк-5, 21, кв. 103', 'ls_quantity_GVS': 0, 'Counters': [{'device_number': '', 'last_param': 213, 'last_data': '30.11.2024'}]}]}
2025-03-24 16:04:37,790 [INFO] Ответ сервера на попытку проверить привязку номера телефона к ЛС: {'Phone': '998949501754', 'List': [{'ls_number': '07000038886', 'ls_address': 'Куйлюк-5, 21, кв. 103', 'ls_quantity_GVS': 0, 'Counters': [{'device_number': '', 'last_param': 213, 'last_data': '30.11.2024'}]}]}
2025-03-24 16:04:48,017 [INFO] Ответ сервера на попытку проверить привязку номера телефона к ЛС: {'Phone': '998949501754', 'List': [{'ls_number': '07000038886', 'ls_address': 'Куйлюк-5, 21, кв. 103', 'ls_quantity_GVS': 0, 'Counters': [{'device_number': '', 'last_param': 213, 'last_data': '30.11.2024'}]}]}
2025-03-24 16:06:17,651 [INFO] Ответ сервера на попытку проверить привязку номера телефона к ЛС: {'Phone': '998949501754', 'List': [{'ls_number': '07000038886', 'ls_address': 'Куйлюк-5, 21, кв. 103', 'ls_quantity_GVS': 0, 'Counters': [{'device_number': '', 'last_param': 213, 'last_data': '30.11.2024'}]}]}
2025-03-24 16:08:54,874 [INFO] Ответ сервера на попытку проверить привязку номера телефона к ЛС: {'Phone': '998949501754', 'List': [{'ls_number': '07000038886', 'ls_address': 'Куйлюк-5, 21, кв. 103', 'ls_quantity_GVS': 0, 'Counters': [{'device_number': '', 'last_param': 213, 'last_data': '30.11.2024'}]}]}
2025-03-24 16:09:32,129 [INFO] Ответ сервера на попытку проверить привязку номера телефона к ЛС: {'Phone': '998949501754', 'List': [{'ls_number': '07000038886', 'ls_address': 'Куйлюк-5, 21, кв. 103', 'ls_quantity_GVS': 0, 'Counters': [{'device_number': '', 'last_param': 213, 'last_data': '30.11.2024'}]}]}
2025-03-24 16:58:17,974 [INFO] Ответ сервера на попытку проверить привязку номера телефона к ЛС: {'Phone': '998339631234', 'List': [{'ls_number': '07000220070', 'ls_address': 'Куйлюк-5, 21, кв. 25', 'ls_quantity_GVS': 0, 'Counters': [{'device_number': '', 'last_param': 338, 'last_data': '31.10.2024'}]}]}
2025-04-30 17:19:58,020 [INFO] Ответ сервера на попытку проверить привязку номера телефона к ЛС: {'Phone': '998949501754', 'List': [{'ls_number': '07000038886', 'ls_address': 'Куйлюк-5, 21, кв. 103', 'ls_quantity_GVS': 1, 'info_datatype': True, 'Counters': [{'device_number': '', 'last_param': 213, 'last_data': '30.11.2024'}]}]}
2025-04-30 17:23:17,467 [INFO] Ответ сервера на попытку проверить привязку номера телефона к ЛС: {'Phone': '998949501754', 'List': [{'ls_number': '07000038886', 'ls_address': 'Куйлюк-5, 21, кв. 103', 'ls_quantity_GVS': 1, 'info_datatype': True, 'Counters': [{'device_number': '', 'last_param': 213, 'last_data': '30.11.2024'}]}]}
2025-04-30 17:26:11,917 [INFO] Ответ сервера на попытку проверить привязку номера телефона к ЛС: {'Phone': '998949501754', 'List': [{'ls_number': '07000038886', 'ls_address': 'Куйлюк-5, 21, кв. 103', 'ls_quantity_GVS': 1, 'info_datatype': True, 'Counters': [{'device_number': '', 'last_param': 213, 'last_data': '30.11.2024'}]}]}
2025-04-30 17:28:41,169 [INFO] Ответ сервера на попытку проверить привязку номера телефона к ЛС: {'Phone': '998949501754', 'List': [{'ls_number': '07000038886', 'ls_address': 'Куйлюк-5, 21, кв. 103', 'ls_quantity_GVS': 1, 'info_datatype': True, 'Counters': [{'device_number': '', 'last_param': 213, 'last_data': '30.11.2024'}]}]}
2025-04-30 17:30:07,003 [INFO] Ответ сервера на попытку проверить привязку номера телефона к ЛС: {'Phone': '998949501754', 'List': [{'ls_number': '07000038886', 'ls_address': 'Куйлюк-5, 21, кв. 103', 'ls_quantity_GVS': 1, 'info_datatype': True, 'Counters': [{'device_number': '', 'last_param': 213, 'last_data': '30.11.2024'}]}]}
2025-04-30 17:31:15,720 [INFO] Ответ сервера на попытку проверить привязку номера телефона к ЛС: {'Phone': '998949501754', 'List': [{'ls_number': '07000038886', 'ls_address': 'Куйлюк-5, 21, кв. 103', 'ls_quantity_GVS': 1, 'info_datatype': True, 'Counters': [{'device_number': '', 'last_param': 213, 'last_data': '30.11.2024'}]}]}
2025-04-30 17:41:24,721 [INFO] Ответ сервера на попытку проверить привязку номера телефона к ЛС: {'Phone': '998949501754', 'List': [{'ls_number': '07000038886', 'ls_address': 'Куйлюк-5, 21, кв. 103', 'ls_quantity_GVS': 1, 'info_datatype': True, 'Counters': [{'device_number': '', 'last_param': 213, 'last_data': '30.11.2024'}]}]}
2025-04-30 17:42:42,340 [INFO] Ответ сервера на попытку проверить привязку номера телефона к ЛС: {'Phone': '998949501754', 'List': [{'ls_number': '07000038886', 'ls_address': 'Куйлюк-5, 21, кв. 103', 'ls_quantity_GVS': 1, 'info_datatype': True, 'Counters': [{'device_number': '', 'last_param': 213, 'last_data': '30.11.2024'}]}]}
2025-04-30 17:44:33,165 [INFO] Ответ сервера на попытку проверить привязку номера телефона к ЛС: {'Phone': '998949501754', 'List': [{'ls_number': '07000038886', 'ls_address': 'Куйлюк-5, 21, кв. 103', 'ls_quantity_GVS': 1, 'info_datatype': True, 'Counters': [{'device_number': '', 'last_param': 213, 'last_data': '30.11.2024'}]}]}
2025-04-30 17:46:05,029 [INFO] Ответ сервера на попытку проверить привязку номера телефона к ЛС: {'Phone': '998949501754', 'List': [{'ls_number': '07000038886', 'ls_address': 'Куйлюк-5, 21, кв. 103', 'ls_quantity_GVS': 1, 'info_datatype': True, 'Counters': [{'device_number': '', 'last_param': 213, 'last_data': '30.11.2024'}]}]}
2025-04-30 17:50:22,880 [INFO] Ответ сервера на попытку проверить привязку номера телефона к ЛС: {'Phone': '998949501754', 'List': [{'ls_number': '07000038886', 'ls_address': 'Куйлюк-5, 21, кв. 103', 'ls_quantity_GVS': 1, 'info_datatype': True, 'Counters': [{'device_number': '', 'last_param': 213, 'last_data': '30.11.2024'}]}]}
